// Vitest Snapshot v1, https://vitest.dev/guide/snapshot.html

exports[`SignIn > Should sucess in authentication 1`] = `
<DocumentFragment>
  <div
    class="w-full text-center"
  >
    <h2
      class="scroll-m-20 pb-2 text-3xl font-semibold tracking-tight first:mt-0"
    >
      Acessar Painel
    </h2>
    <p
      class="leading-7 text-muted-foreground"
    >
      Acompanhe o fluxo da sua garagem!
    </p>
    <form
      class="mt-11 flex flex-col gap-2"
    >
      <div
        class="space-y-5 text-left"
      >
        <input
          class="flex h-10 w-full rounded-md border border-input bg-background px-3 py-2 text-sm ring-offset-background file:border-0 file:bg-transparent file:text-sm file:font-medium placeholder:text-muted-foreground focus-visible:outline-none focus-visible:ring-2 focus-visible:ring-ring focus-visible:ring-offset-2 disabled:cursor-not-allowed disabled:opacity-50"
          name="userName"
          placeholder="Nome do cliente"
          value=""
        />
      </div>
      <div
        class="space-y-5 text-left"
      >
        <input
          class="flex h-10 w-full rounded-md border border-input bg-background px-3 py-2 text-sm ring-offset-background file:border-0 file:bg-transparent file:text-sm file:font-medium placeholder:text-muted-foreground focus-visible:outline-none focus-visible:ring-2 focus-visible:ring-ring focus-visible:ring-offset-2 disabled:cursor-not-allowed disabled:opacity-50"
          name="password"
          placeholder="Senha"
          type="password"
          value=""
        />
      </div>
      <button
        class="inline-flex items-center justify-center whitespace-nowrap rounded-md text-sm font-medium ring-offset-background transition-colors focus-visible:outline-none focus-visible:ring-2 focus-visible:ring-ring focus-visible:ring-offset-2 disabled:pointer-events-none disabled:opacity-50 bg-primary text-primary-foreground hover:bg-primary/90 h-10 px-4 py-2 mt-1 w-full"
        disabled=""
      >
        <svg
          class="lucide lucide-loader-circle animate-spin"
          fill="none"
          height="24"
          stroke="currentColor"
          stroke-linecap="round"
          stroke-linejoin="round"
          stroke-width="2"
          viewBox="0 0 24 24"
          width="24"
          xmlns="http://www.w3.org/2000/svg"
        >
          <path
            d="M21 12a9 9 0 1 1-6.219-8.56"
          />
        </svg>
      </button>
      <h1 />
    </form>
  </div>
</DocumentFragment>
`;
